// Jest Snapshot v1, https://goo.gl/fbAQLP

exports[`AddCourse form course form renders correctly 1`] = `
Object {
  "asFragment": [Function],
  "baseElement": <body>
    <div>
      <form>
        <h2>
          Lägg till ny kurs
        </h2>
        <div
          class="form-control"
        >
          <label
            for="courseTitle"
          />
          <input
            id="courseTitle"
            placeholder="Kurstitel"
            type="text"
          />
        </div>
        <div
          class="form-control"
        >
          <label
            for="courseLength"
          />
          <input
            id="courseLength"
            placeholder="Kurslängd"
            type="text"
          />
        </div>
        <div
          class="form-control"
        >
          <label
            for="courseDescription"
          />
          <textarea
            id="courseDescription"
            placeholder="Kursbeskrivning"
          />
        </div>
        <div
          class="form-control"
        >
          <label
            for="courseStartingDate"
          />
          <input
            id="courseStartingDate"
            placeholder="Kursen startar"
            type="text"
          />
        </div>
        <button>
          Lägg till kurs
        </button>
      </form>
    </div>
    <div>
      <form>
        <h2>
          Lägg till ny kurs
        </h2>
        <div
          class="form-control"
        >
          <label
            for="courseTitle"
          />
          <input
            id="courseTitle"
            placeholder="Kurstitel"
            type="text"
          />
        </div>
        <div
          class="form-control"
        >
          <label
            for="courseLength"
          />
          <input
            id="courseLength"
            placeholder="Kurslängd"
            type="text"
          />
        </div>
        <div
          class="form-control"
        >
          <label
            for="courseDescription"
          />
          <textarea
            id="courseDescription"
            placeholder="Kursbeskrivning"
          />
        </div>
        <div
          class="form-control"
        >
          <label
            for="courseStartingDate"
          />
          <input
            id="courseStartingDate"
            placeholder="Kursen startar"
            type="text"
          />
        </div>
        <button>
          Lägg till kurs
        </button>
      </form>
    </div>
  </body>,
  "container": <div>
    <form>
      <h2>
        Lägg till ny kurs
      </h2>
      <div
        class="form-control"
      >
        <label
          for="courseTitle"
        />
        <input
          id="courseTitle"
          placeholder="Kurstitel"
          type="text"
        />
      </div>
      <div
        class="form-control"
      >
        <label
          for="courseLength"
        />
        <input
          id="courseLength"
          placeholder="Kurslängd"
          type="text"
        />
      </div>
      <div
        class="form-control"
      >
        <label
          for="courseDescription"
        />
        <textarea
          id="courseDescription"
          placeholder="Kursbeskrivning"
        />
      </div>
      <div
        class="form-control"
      >
        <label
          for="courseStartingDate"
        />
        <input
          id="courseStartingDate"
          placeholder="Kursen startar"
          type="text"
        />
      </div>
      <button>
        Lägg till kurs
      </button>
    </form>
  </div>,
  "debug": [Function],
  "findAllByAltText": [Function],
  "findAllByDisplayValue": [Function],
  "findAllByLabelText": [Function],
  "findAllByPlaceholderText": [Function],
  "findAllByRole": [Function],
  "findAllByTestId": [Function],
  "findAllByText": [Function],
  "findAllByTitle": [Function],
  "findByAltText": [Function],
  "findByDisplayValue": [Function],
  "findByLabelText": [Function],
  "findByPlaceholderText": [Function],
  "findByRole": [Function],
  "findByTestId": [Function],
  "findByText": [Function],
  "findByTitle": [Function],
  "getAllByAltText": [Function],
  "getAllByDisplayValue": [Function],
  "getAllByLabelText": [Function],
  "getAllByPlaceholderText": [Function],
  "getAllByRole": [Function],
  "getAllByTestId": [Function],
  "getAllByText": [Function],
  "getAllByTitle": [Function],
  "getByAltText": [Function],
  "getByDisplayValue": [Function],
  "getByLabelText": [Function],
  "getByPlaceholderText": [Function],
  "getByRole": [Function],
  "getByTestId": [Function],
  "getByText": [Function],
  "getByTitle": [Function],
  "queryAllByAltText": [Function],
  "queryAllByDisplayValue": [Function],
  "queryAllByLabelText": [Function],
  "queryAllByPlaceholderText": [Function],
  "queryAllByRole": [Function],
  "queryAllByTestId": [Function],
  "queryAllByText": [Function],
  "queryAllByTitle": [Function],
  "queryByAltText": [Function],
  "queryByDisplayValue": [Function],
  "queryByLabelText": [Function],
  "queryByPlaceholderText": [Function],
  "queryByRole": [Function],
  "queryByTestId": [Function],
  "queryByText": [Function],
  "queryByTitle": [Function],
  "rerender": [Function],
  "unmount": [Function],
}
`;
